
> quantgoal@0.1.0 build
> next build

   鈻?Next.js 16.0.8 (Turbopack)

   Creating an optimized production build ...
 鉁?Compiled successfully in 7.0s
   Running TypeScript ...
node.exe : Failed to compile.
所在位置 行:1 字符: 1
+ & "C:\Program Files\nodejs/node.exe" "C:\Program Files\nodejs/nod
e_mo ...
+ ~~~~~~~~~~~~~~~~~~~~~~~~~~~~~~~~~~~~~~~~~~~~~~~~~~~~~~~~~~~~~~~~~
~~~~
    + CategoryInfo          : NotSpecified: (Failed to compile.:St 
   ring) [], RemoteException
    + FullyQualifiedErrorId : NativeCommandError
 

./components/feature/ChampionLeague.tsx:73:42
Type error: Object is of type 'unknown'.

[0m [90m 71 |[39m
 [90m 72 |[39m                 [90m// Aggregate History (Average
 Daily PnL)[39m
[31m[1m>[22m[39m[90m 73 |[39m                 [36mconst[39m
 referenceHistory [33m=[39m models[[35m0[39m][33m.[39mhistory
[33m;[39m
 [90m    |[39m                                          [31m[1m
^[22m[39m
 [90m 74 |[39m                 [36mconst[39m consensusHistory 
[33m=[39m referenceHistory[33m.[39mmap((day[33m:[39m any[33m,
[39m idx[33m:[39m number) [33m=>[39m {
 [90m 75 |[39m                     [36mconst[39m dailyTotalPnL 
[33m=[39m models[33m.[39mreduce((sum[33m:[39m number[33m,[3
9m m[33m:[39m any) [33m=>[39m sum [33m+[39m (((m[33m.[39mhi
story[idx] [36mas[39m any)[33m?[39m[33m.[39mtotal_pnl [36mas
[39m number) [33m||[39m [35m0[39m)[33m,[39m [35m0[39m)[33
m;[39m
 [90m 76 |[39m                     [36mconst[39m dailyBets [33
m=[39m models[33m.[39mreduce((sum[33m:[39m number[33m,[39m m
[33m:[39m any) [33m=>[39m sum [33m+[39m (((m[33m.[39mhistor
y[idx] [36mas[39m any)[33m?[39m[33m.[39mbets_placed [36mas[
39m number) [33m||[39m [35m0[39m)[33m,[39m [35m0[39m)[33m;
[39m[0m
Next.js build worker exited with code: 1 and signal: null
